// Jest Snapshot v1, https://goo.gl/fbAQLP

exports[`Test if the snapshot match 1`] = `ShallowWrapper {}`;
